2026-05-15 17:41:50,981 | INFO     | 配置文件 C:\Users\17676\Desktop\RocoKingdom-World\RocoKingdom-Clicker-Release\data\clicker_configs\default.json 不存在，使用默认配置
2026-05-15 17:41:50,982 | INFO     | ==================================================
2026-05-15 17:41:51,061 | INFO     | 连点器启动（Interception 版）
2026-05-15 17:41:51,061 | INFO     | ==================================================
2026-05-15 17:41:57,286 | INFO     | 开始监听热键... 请使用热键控制连点器
2026-05-15 17:41:57,287 | INFO     | 连点器已准备就绪，监听热键中...
2026-05-15 17:41:57,287 | INFO     | 开始监听热键...
2026-05-15 17:42:00,848 | INFO     | 连点器将在 3 秒后启动，请切换到游戏窗口...
2026-05-15 17:42:03,877 | INFO     | 点击循环已启动
2026-05-15 17:42:03,878 | INFO     | 连点器已启动
2026-05-15 17:42:03,890 | INFO     | 连点器已启动
2026-05-15 17:42:15,200 | INFO     | 点击循环已结束
2026-05-15 17:42:15,200 | INFO     | 连点器已停止 | 总点击数: 8
2026-05-15 17:42:15,204 | INFO     | 连点器已停止
2026-05-15 17:43:00,193 | INFO     | 连点器将在 3 秒后启动，请切换到游戏窗口...
2026-05-15 17:43:03,221 | INFO     | 点击循环已启动
2026-05-15 17:43:03,222 | INFO     | 连点器已启动
2026-05-15 17:43:03,225 | INFO     | 连点器已启动
2026-05-15 17:43:11,276 | INFO     | 连点器已停止 | 总点击数: 6
2026-05-15 17:43:11,277 | INFO     | 连点器已停止
2026-05-15 17:43:11,572 | INFO     | 点击循环已结束
2026-05-15 17:45:36,896 | INFO     | 连点器将在 3 秒后启动，请切换到游戏窗口...
2026-05-15 17:45:39,923 | INFO     | 点击循环已启动
2026-05-15 17:45:39,923 | INFO     | 连点器已启动
2026-05-15 17:45:39,924 | INFO     | 连点器已启动
2026-05-15 17:46:00,584 | INFO     | 点击循环已结束
2026-05-15 17:46:00,584 | INFO     | 连点器已停止 | 总点击数: 15
2026-05-15 17:46:00,586 | INFO     | 连点器已停止
2026-05-15 17:46:04,684 | INFO     | 已退出热键监听，返回主菜单
2026-05-15 17:46:08,429 | INFO     | 配置已保存到 C:\Users\17676\Desktop\RocoKingdom-World\RocoKingdom-Clicker-Release\data\clicker_configs\default.json
2026-05-15 17:54:20,150 | ERROR    | 程序异常: 'ClickerManager' object has no attribute 'action_script_menu'
2026-05-15 17:54:20,151 | INFO     | 连点器已关闭
2026-05-15 17:54:20,154 | INFO     | Interception 上下文已销毁
2026-05-15 18:56:26,961 | INFO     | 配置已从 C:\Users\17676\Desktop\RocoKingdom-World\RocoKingdom-Clicker-Release\data\clicker_configs\default.json 加载
2026-05-15 18:56:26,962 | INFO     | ==================================================
2026-05-15 18:56:27,052 | INFO     | 连点器启动（Interception 版）
2026-05-15 18:56:27,052 | INFO     | ==================================================
2026-05-15 18:57:04,193 | INFO     | 脚本已保存: C:\Users\17676\Desktop\RocoKingdom-World\RocoKingdom-Clicker-Release\data\action_scripts\move.json
2026-05-15 19:02:58,314 | INFO     | 配置已从 C:\Users\17676\Desktop\RocoKingdom-World\RocoKingdom-Clicker-Release\data\clicker_configs\default.json 加载
2026-05-15 19:02:58,315 | INFO     | ==================================================
2026-05-15 19:02:58,316 | INFO     | 连点器启动（Interception 版）
2026-05-15 19:02:58,316 | INFO     | ==================================================
2026-05-15 19:03:04,337 | INFO     | 已加载脚本: script_1 (4 个动作)
2026-05-15 19:03:07,898 | INFO     | 已加载脚本: script_1 (4 个动作)
2026-05-15 19:03:16,372 | INFO     | 已加载脚本: script_1 (4 个动作)
2026-05-15 19:03:16,392 | INFO     | 已加载脚本: script_1 (4 个动作)
2026-05-15 19:17:37,423 | INFO     | 配置已从 C:\Users\17676\Desktop\RocoKingdom-World\RocoKingdom-Clicker-Release\data\clicker_configs\default.json 加载
2026-05-15 19:17:37,424 | INFO     | ==================================================
2026-05-15 19:17:37,425 | INFO     | 连点器启动（Interception 版）
2026-05-15 19:17:37,425 | INFO     | ==================================================
2026-05-15 19:17:41,436 | INFO     | 开始监听热键... 请使用热键控制连点器
2026-05-15 19:17:41,437 | INFO     | 连点器已准备就绪，监听热键中...
2026-05-15 19:17:41,437 | INFO     | 开始监听热键...
2026-05-15 19:17:44,231 | INFO     | 连点器将在 3 秒后启动，请切换到游戏窗口...
2026-05-15 19:17:47,280 | INFO     | 点击循环已启动
2026-05-15 19:17:47,280 | INFO     | 连点器已启动
2026-05-15 19:17:47,285 | INFO     | 连点器已启动
2026-05-15 19:17:50,006 | INFO     | 点击循环已结束
2026-05-15 19:17:50,006 | INFO     | 连点器已停止 | 总点击数: 2
2026-05-15 19:17:50,015 | INFO     | 连点器已停止
2026-05-15 19:17:52,747 | INFO     | 已退出热键监听，返回主菜单
2026-05-15 19:17:56,347 | INFO     | 配置已保存到 C:\Users\17676\Desktop\RocoKingdom-World\RocoKingdom-Clicker-Release\data\clicker_configs\default.json
2026-05-15 19:17:59,005 | INFO     | 已加载脚本: script_1 (1 个动作)
2026-05-15 19:18:15,444 | INFO     | 已加载脚本: script_1 (1 个动作)
2026-05-15 19:18:30,007 | INFO     | 已加载脚本: script_1 (1 个动作)
2026-05-15 19:25:22,401 | INFO     | 配置已从 C:\Users\17676\Desktop\RocoKingdom-World\RocoKingdom-Clicker-Release\data\clicker_configs\default.json 加载
2026-05-15 19:25:22,401 | INFO     | ==================================================
2026-05-15 19:25:22,403 | INFO     | 连点器启动（Interception 版）
2026-05-15 19:25:22,403 | INFO     | ==================================================
2026-05-15 19:25:33,906 | INFO     | 开始监听热键... 请使用热键控制连点器
2026-05-15 19:25:33,908 | INFO     | 连点器已准备就绪，监听热键中...
2026-05-15 19:25:33,908 | INFO     | 开始监听热键...
2026-05-15 19:25:37,145 | INFO     | 连点器将在 3 秒后启动，请切换到游戏窗口...
2026-05-15 19:25:40,192 | INFO     | 点击循环已启动
2026-05-15 19:25:40,192 | INFO     | 连点器已启动
2026-05-15 19:25:40,193 | INFO     | 连点器已启动
2026-05-15 19:26:27,046 | INFO     | 连点器已停止 | 总点击数: 34
2026-05-15 19:26:27,046 | INFO     | 连点器已停止
2026-05-15 19:26:27,343 | INFO     | 点击循环已结束
2026-05-15 19:26:30,846 | INFO     | 已退出热键监听，返回主菜单
2026-05-15 19:26:35,043 | INFO     | 配置已保存到 C:\Users\17676\Desktop\RocoKingdom-World\RocoKingdom-Clicker-Release\data\clicker_configs\default.json
2026-05-15 19:26:38,439 | INFO     | 已加载脚本: script_1 (1 个动作)
2026-05-15 19:43:25,143 | INFO     | 配置已从 C:\Users\17676\Desktop\RocoKingdom-World\RocoKingdom-Clicker-Release\data\clicker_configs\default.json 加载
2026-05-15 19:43:25,143 | INFO     | ==================================================
2026-05-15 19:43:25,144 | INFO     | 连点器启动（Interception 版）
2026-05-15 19:43:25,177 | INFO     | ==================================================
2026-05-15 19:43:29,026 | INFO     | 已加载脚本: move_wasd_circle (1 个动作)
2026-05-15 19:43:29,028 | INFO     | 已加载脚本: script_1 (1 个动作)
2026-05-15 19:43:42,727 | INFO     | 已加载脚本: move_wasd_circle (1 个动作)
2026-05-15 19:44:07,974 | INFO     | 已加载脚本: move_wasd_circle (1 个动作)
2026-05-15 19:44:07,975 | INFO     | 已加载脚本: script_1 (1 个动作)
2026-05-15 19:45:19,859 | INFO     | 配置已从 C:\Users\17676\Desktop\RocoKingdom-World\RocoKingdom-Clicker-Release\data\clicker_configs\default.json 加载
2026-05-15 19:45:19,859 | INFO     | ==================================================
2026-05-15 19:45:19,860 | INFO     | 连点器启动（Interception 版）
2026-05-15 19:45:19,860 | INFO     | ==================================================
2026-05-15 19:45:21,523 | INFO     | 已加载脚本: move_wasd_circle (1 个动作)
2026-05-15 19:45:21,523 | INFO     | 已加载脚本: script_1 (1 个动作)
2026-05-15 19:45:31,050 | INFO     | 已加载脚本: move_wasd_circle (1 个动作)
2026-05-15 19:45:41,663 | INFO     | 已加载脚本: move_wasd_circle (1 个动作)
2026-05-15 19:45:41,663 | INFO     | 已加载脚本: script_1 (1 个动作)
2026-05-15 19:45:45,232 | INFO     | 已加载脚本: script_1 (1 个动作)
2026-05-15 19:45:57,885 | INFO     | 已加载脚本: move_wasd_circle (1 个动作)
2026-05-15 19:45:57,886 | INFO     | 已加载脚本: script_1 (1 个动作)
2026-05-15 22:09:12,646 | INFO     | 配置已从 C:\Users\17676\Desktop\RocoKingdom-World\RocoKingdom-Clicker-Release\data\clicker_configs\default.json 加载
2026-05-15 22:09:12,647 | INFO     | ==================================================
2026-05-15 22:09:12,653 | INFO     | 连点器启动（Interception 版）
2026-05-15 22:09:12,653 | INFO     | ==================================================
2026-05-15 22:09:15,771 | INFO     | 已加载脚本: move_wasd_circle (1 个动作)
2026-05-15 22:09:15,772 | INFO     | 已加载脚本: script_1 (1 个动作)
2026-05-15 22:09:24,953 | INFO     | 已加载脚本: move_wasd_circle (1 个动作)
2026-05-15 22:09:27,983 | INFO     | 已发现键盘设备: 1
2026-05-15 22:09:37,242 | INFO     | 已加载脚本: move_wasd_circle (1 个动作)
2026-05-15 22:09:37,242 | INFO     | 已加载脚本: script_1 (1 个动作)
2026-05-15 22:24:51,370 | INFO     | 配置已从 C:\Users\17676\Desktop\RocoKingdom-World\RocoKingdom-Clicker-Release\data\clicker_configs\default.json 加载
2026-05-15 22:24:51,370 | INFO     | ==================================================
2026-05-15 22:24:51,379 | INFO     | 连点器启动（Interception 版）
2026-05-15 22:24:51,379 | INFO     | ==================================================
2026-05-15 22:24:58,589 | INFO     | 开始监听热键... 请使用热键控制连点器
2026-05-15 22:24:58,590 | INFO     | 连点器已准备就绪，监听热键中...
2026-05-15 22:24:58,590 | INFO     | 开始监听热键...
2026-05-15 22:25:00,397 | INFO     | 连点器将在 3 秒后启动，请切换到游戏窗口...
2026-05-15 22:25:03,453 | INFO     | 点击循环已启动
2026-05-15 22:25:03,454 | INFO     | 连点器已启动
2026-05-15 22:25:03,482 | INFO     | 连点器已启动
2026-05-15 22:27:32,175 | INFO     | 点击循环已结束
2026-05-15 22:27:32,176 | INFO     | 连点器已停止 | 总点击数: 106
2026-05-15 22:27:32,180 | INFO     | 连点器已停止
2026-05-15 22:27:34,982 | INFO     | 已退出热键监听，返回主菜单
2026-05-15 22:27:37,476 | INFO     | 配置已保存到 C:\Users\17676\Desktop\RocoKingdom-World\RocoKingdom-Clicker-Release\data\clicker_configs\default.json
2026-05-15 22:27:41,488 | INFO     | 已加载脚本: move_wasd_circle (1 个动作)
2026-05-15 22:27:41,488 | INFO     | 已加载脚本: script_1 (1 个动作)
2026-05-15 22:27:49,471 | INFO     | 已加载脚本: script_1 (1 个动作)
2026-05-15 22:28:03,537 | INFO     | 已加载脚本: move_wasd_circle (1 个动作)
2026-05-15 22:28:03,538 | INFO     | 已加载脚本: script_1 (1 个动作)
2026-05-16 09:24:56,573 | INFO     | 配置已从 C:\Users\17676\Desktop\RocoKingdom-World\RocoKingdom-Clicker-Release\data\clicker_configs\default.json 加载
2026-05-16 09:24:56,575 | INFO     | ==================================================
2026-05-16 09:24:56,638 | INFO     | 连点器启动（Interception 版）
2026-05-16 09:24:56,638 | INFO     | ==================================================
2026-05-16 09:25:38,248 | INFO     | 开始监听热键... 请使用热键控制连点器
2026-05-16 09:25:38,249 | INFO     | 连点器已准备就绪，监听热键中...
2026-05-16 09:25:38,249 | INFO     | 开始监听热键...
2026-05-16 09:25:40,062 | INFO     | 连点器将在 3 秒后启动，请切换到游戏窗口...
2026-05-16 09:25:43,117 | INFO     | 点击循环已启动
2026-05-16 09:25:43,117 | INFO     | 连点器已启动
2026-05-16 09:25:43,129 | INFO     | 连点器已启动
2026-05-16 09:29:14,319 | INFO     | 连点器已停止 | 总点击数: 152
2026-05-16 09:29:14,320 | INFO     | 连点器已停止
2026-05-16 09:29:14,443 | INFO     | 点击循环已结束
2026-05-16 09:39:07,093 | INFO     | 配置已从 C:\Users\17676\Desktop\RocoKingdom-World\RocoKingdom-Clicker-Release\data\clicker_configs\default.json 加载
2026-05-16 09:39:07,094 | INFO     | ==================================================
2026-05-16 09:39:07,095 | INFO     | 连点器启动（Interception 版）
2026-05-16 09:39:07,096 | INFO     | ==================================================
2026-05-16 09:39:11,358 | INFO     | 开始监听热键... 请使用热键控制连点器
2026-05-16 09:39:11,360 | INFO     | 连点器已准备就绪，监听热键中...
2026-05-16 09:39:11,360 | INFO     | 开始监听热键...
2026-05-16 09:39:12,417 | INFO     | 连点器将在 3 秒后启动，请切换到游戏窗口...
2026-05-16 09:39:15,448 | INFO     | 点击循环已启动
2026-05-16 09:39:15,449 | INFO     | 连点器已启动
2026-05-16 09:39:15,450 | INFO     | 连点器已启动
2026-05-16 09:39:54,393 | INFO     | 点击循环已结束
2026-05-16 09:39:54,393 | INFO     | 连点器已停止 | 总点击数: 29
2026-05-16 09:39:54,396 | INFO     | 连点器已停止
2026-05-16 09:40:18,575 | INFO     | 配置已从 C:\Users\17676\Desktop\RocoKingdom-World\RocoKingdom-Clicker-Release\data\clicker_configs\default.json 加载
2026-05-16 09:40:18,576 | INFO     | ==================================================
2026-05-16 09:40:18,577 | INFO     | 连点器启动（Interception 版）
2026-05-16 09:40:18,578 | INFO     | ==================================================
2026-05-16 09:40:22,488 | INFO     | 开始监听热键... 请使用热键控制连点器
2026-05-16 09:40:22,489 | INFO     | 连点器已准备就绪，监听热键中...
2026-05-16 09:40:22,489 | INFO     | 开始监听热键...
2026-05-16 09:40:25,413 | INFO     | 连点器将在 3 秒后启动，请切换到游戏窗口...
2026-05-16 09:40:28,454 | INFO     | 点击循环已启动
2026-05-16 09:40:28,454 | INFO     | 连点器已启动
2026-05-16 09:40:28,457 | INFO     | 连点器已启动
2026-05-16 09:42:09,934 | INFO     | 点击循环已结束
2026-05-16 09:42:09,934 | INFO     | 连点器已停止 | 总点击数: 73
2026-05-16 09:42:09,936 | INFO     | 连点器已停止
2026-05-16 09:42:27,317 | INFO     | 配置已从 C:\Users\17676\Desktop\RocoKingdom-World\RocoKingdom-Clicker-Release\data\clicker_configs\default.json 加载
2026-05-16 09:42:27,318 | INFO     | ==================================================
2026-05-16 09:42:27,319 | INFO     | 连点器启动（Interception 版）
2026-05-16 09:42:27,320 | INFO     | ==================================================
2026-05-16 09:42:30,180 | INFO     | 开始监听热键... 请使用热键控制连点器
2026-05-16 09:42:30,182 | INFO     | 连点器已准备就绪，监听热键中...
2026-05-16 09:42:30,182 | INFO     | 开始监听热键...
2026-05-16 09:42:32,803 | INFO     | 连点器将在 3 秒后启动，请切换到游戏窗口...
2026-05-16 09:42:35,842 | INFO     | 点击循环已启动
2026-05-16 09:42:35,843 | INFO     | 连点器已启动
2026-05-16 09:42:35,844 | INFO     | 连点器已启动
2026-05-16 09:46:09,244 | INFO     | 点击循环已结束
2026-05-16 09:46:09,245 | INFO     | 连点器已停止 | 总点击数: 153
2026-05-16 09:46:09,249 | INFO     | 连点器已停止
2026-05-16 09:48:16,489 | INFO     | 配置已从 C:\Users\17676\Desktop\RocoKingdom-World\RocoKingdom-Clicker-Release\data\clicker_configs\default.json 加载
2026-05-16 09:48:16,489 | INFO     | ==================================================
2026-05-16 09:48:16,490 | INFO     | 连点器启动（Interception 版）
2026-05-16 09:48:16,491 | INFO     | ==================================================
2026-05-16 09:48:23,812 | INFO     | 开始监听热键... 请使用热键控制连点器
2026-05-16 09:48:23,813 | INFO     | 连点器已准备就绪，监听热键中...
2026-05-16 09:48:23,813 | INFO     | 开始监听热键...
2026-05-16 09:49:11,146 | INFO     | 配置已从 C:\Users\17676\Desktop\RocoKingdom-World\RocoKingdom-Clicker-Release\data\clicker_configs\default.json 加载
2026-05-16 09:49:11,146 | INFO     | ==================================================
2026-05-16 09:49:11,147 | INFO     | 连点器启动（Interception 版）
2026-05-16 09:49:11,147 | INFO     | ==================================================
2026-05-16 09:49:23,914 | INFO     | 开始监听热键... 请使用热键控制连点器
2026-05-16 09:49:23,915 | INFO     | 连点器已准备就绪，监听热键中...
2026-05-16 09:49:23,915 | INFO     | 开始监听热键...
2026-05-16 09:49:25,656 | INFO     | 连点器将在 3 秒后启动，请切换到游戏窗口...
2026-05-16 09:49:28,687 | INFO     | 点击循环已启动
2026-05-16 09:49:28,687 | INFO     | 连点器已启动
2026-05-16 09:49:28,688 | INFO     | 连点器已启动
2026-05-16 09:55:20,252 | INFO     | 连点器已停止 | 总点击数: 252
2026-05-16 09:55:20,252 | INFO     | 连点器已停止
2026-05-16 09:55:20,345 | INFO     | 点击循环已结束
2026-05-16 10:18:02,843 | INFO     | 配置已从 C:\Users\17676\Desktop\RocoKingdom-World\RocoKingdom-Clicker-Release\data\clicker_configs\default.json 加载
2026-05-16 10:18:02,844 | INFO     | ==================================================
2026-05-16 10:18:02,845 | INFO     | 连点器启动（Interception 版）
2026-05-16 10:18:02,845 | INFO     | ==================================================
2026-05-16 10:18:12,499 | INFO     | 开始监听热键... 请使用热键控制连点器
2026-05-16 10:18:12,499 | INFO     | 连点器已准备就绪，监听热键中...
2026-05-16 10:18:12,499 | INFO     | 开始监听热键...
2026-05-16 10:18:16,910 | INFO     | 连点器将在 3 秒后启动，请切换到游戏窗口...
2026-05-16 10:18:19,933 | INFO     | 点击循环已启动
2026-05-16 10:18:19,933 | INFO     | 连点器已启动
2026-05-16 10:18:19,934 | INFO     | 连点器已启动
2026-05-16 10:29:00,200 | INFO     | 点击循环已结束
2026-05-16 10:29:00,200 | INFO     | 连点器已停止 | 总点击数: 459
2026-05-16 10:29:00,201 | INFO     | 连点器已停止
2026-05-16 10:32:01,657 | INFO     | 配置已从 C:\Users\17676\Desktop\RocoKingdom-World\RocoKingdom-Clicker-Release\data\clicker_configs\default.json 加载
2026-05-16 10:32:01,657 | INFO     | ==================================================
2026-05-16 10:32:01,658 | INFO     | 连点器启动（Interception 版）
2026-05-16 10:32:01,658 | INFO     | ==================================================
2026-05-16 10:32:04,075 | INFO     | 开始监听热键... 请使用热键控制连点器
2026-05-16 10:32:04,075 | INFO     | 连点器已准备就绪，监听热键中...
2026-05-16 10:32:04,076 | INFO     | 开始监听热键...
2026-05-16 10:32:06,732 | INFO     | 连点器将在 3 秒后启动，请切换到游戏窗口...
2026-05-16 10:32:09,764 | INFO     | 点击循环已启动
2026-05-16 10:32:09,764 | INFO     | 连点器已启动
2026-05-16 10:32:09,765 | INFO     | 连点器已启动
2026-05-16 10:39:21,410 | INFO     | 点击循环已结束
2026-05-16 10:39:21,410 | INFO     | 连点器已停止 | 总点击数: 307
2026-05-16 10:39:21,427 | INFO     | 连点器已停止
2026-05-16 10:41:11,506 | INFO     | 连点器将在 3 秒后启动，请切换到游戏窗口...
2026-05-16 10:41:14,533 | INFO     | 点击循环已启动
2026-05-16 10:41:14,534 | INFO     | 连点器已启动
2026-05-16 10:41:14,536 | INFO     | 连点器已启动
2026-05-16 10:45:01,153 | INFO     | 点击循环已结束
2026-05-16 10:45:01,154 | INFO     | 连点器已停止 | 总点击数: 163
2026-05-16 10:45:01,156 | INFO     | 连点器已停止
2026-05-16 10:49:30,399 | INFO     | 连点器将在 3 秒后启动，请切换到游戏窗口...
2026-05-16 10:49:33,438 | INFO     | 点击循环已启动
2026-05-16 10:49:33,438 | INFO     | 连点器已启动
2026-05-16 10:49:33,439 | INFO     | 连点器已启动
2026-05-16 11:12:46,055 | INFO     | 点击循环已结束
2026-05-16 11:12:46,055 | INFO     | 连点器已停止 | 总点击数: 1006
2026-05-16 11:12:46,057 | INFO     | 连点器已停止
2026-05-16 11:18:54,647 | INFO     | 配置已从 C:\Users\17676\Desktop\RocoKingdom-World\RocoKingdom-Clicker-Release\data\clicker_configs\default.json 加载
2026-05-16 11:18:54,647 | INFO     | ==================================================
2026-05-16 11:18:54,648 | INFO     | 连点器启动（Interception 版）
2026-05-16 11:18:54,649 | INFO     | ==================================================
2026-05-16 11:18:58,503 | INFO     | 开始监听热键... 请使用热键控制连点器
2026-05-16 11:18:58,504 | INFO     | 连点器已准备就绪，监听热键中...
2026-05-16 11:18:58,504 | INFO     | 开始监听热键...
2026-05-16 11:19:00,050 | INFO     | 连点器将在 3 秒后启动，请切换到游戏窗口...
2026-05-16 11:19:03,075 | INFO     | 点击循环已启动
2026-05-16 11:19:03,075 | INFO     | 连点器已启动
2026-05-16 11:19:03,076 | INFO     | 连点器已启动
2026-05-16 11:24:52,354 | INFO     | 连点器已停止 | 总点击数: 250
2026-05-16 11:24:52,354 | INFO     | 连点器已停止
2026-05-16 11:24:52,818 | INFO     | 点击循环已结束
2026-05-16 11:30:19,935 | INFO     | 配置已从 C:\Users\17676\Desktop\RocoKingdom-World\RocoKingdom-Clicker-Release\data\clicker_configs\default.json 加载
2026-05-16 11:30:19,936 | INFO     | ==================================================
2026-05-16 11:30:19,938 | INFO     | 连点器启动（Interception 版）
2026-05-16 11:30:19,939 | INFO     | ==================================================
2026-05-16 11:30:23,064 | INFO     | 开始监听热键... 请使用热键控制连点器
2026-05-16 11:30:23,065 | INFO     | 连点器已准备就绪，监听热键中...
2026-05-16 11:30:23,065 | INFO     | 开始监听热键...
2026-05-16 11:30:25,918 | INFO     | 连点器将在 3 秒后启动，请切换到游戏窗口...
2026-05-16 11:30:28,951 | INFO     | 点击循环已启动
2026-05-16 11:30:28,952 | INFO     | 连点器已启动
2026-05-16 11:30:28,954 | INFO     | 连点器已启动
2026-05-16 11:31:07,579 | INFO     | 点击循环已结束
2026-05-16 11:31:07,580 | INFO     | 连点器已停止 | 总点击数: 28
2026-05-16 11:31:07,581 | INFO     | 连点器已停止
2026-05-16 11:32:43,063 | INFO     | 已退出热键监听，返回主菜单
2026-05-16 11:32:43,066 | INFO     | 配置已保存到 C:\Users\17676\Desktop\RocoKingdom-World\RocoKingdom-Clicker-Release\data\clicker_configs\default.json
2026-05-16 11:32:43,066 | INFO     | 连点器已关闭
2026-05-16 11:32:43,069 | INFO     | Interception 上下文已销毁
2026-05-16 11:32:52,162 | INFO     | 配置已从 C:\Users\17676\Desktop\RocoKingdom-World\RocoKingdom-Clicker-Release\data\clicker_configs\default.json 加载
2026-05-16 11:32:52,162 | INFO     | ==================================================
2026-05-16 11:32:52,165 | INFO     | 连点器启动（Interception 版）
2026-05-16 11:32:52,165 | INFO     | ==================================================
2026-05-16 11:32:54,217 | INFO     | 开始监听热键... 请使用热键控制连点器
2026-05-16 11:32:54,218 | INFO     | 连点器已准备就绪，监听热键中...
2026-05-16 11:32:54,218 | INFO     | 开始监听热键...
2026-05-16 11:32:57,201 | INFO     | 连点器将在 3 秒后启动，请切换到游戏窗口...
2026-05-16 11:33:00,230 | INFO     | 点击循环已启动
2026-05-16 11:33:00,231 | INFO     | 连点器已启动
2026-05-16 11:33:00,233 | INFO     | 连点器已启动
2026-05-16 11:36:32,426 | INFO     | 连点器已停止 | 总点击数: 151
2026-05-16 11:36:32,426 | INFO     | 连点器已停止
2026-05-16 11:36:32,535 | INFO     | 点击循环已结束
2026-05-16 11:40:30,937 | INFO     | 已退出热键监听，返回主菜单
2026-05-16 11:40:33,596 | INFO     | 配置已保存到 C:\Users\17676\Desktop\RocoKingdom-World\RocoKingdom-Clicker-Release\data\clicker_configs\default.json
2026-05-16 11:40:34,826 | INFO     | 开始监听热键... 请使用热键控制连点器
2026-05-16 11:40:34,827 | INFO     | 连点器已准备就绪，监听热键中...
2026-05-16 11:40:34,827 | INFO     | 开始监听热键...
2026-05-16 11:40:47,358 | INFO     | 连点器将在 3 秒后启动，请切换到游戏窗口...
2026-05-16 11:40:50,378 | INFO     | 点击循环已启动
2026-05-16 11:40:50,378 | INFO     | 连点器已启动
2026-05-16 11:40:50,379 | INFO     | 连点器已启动
2026-05-16 12:11:52,254 | INFO     | 点击循环已结束
2026-05-16 12:11:52,255 | INFO     | 连点器已停止 | 总点击数: 1341
2026-05-16 12:11:52,257 | INFO     | 连点器已停止
2026-05-16 12:15:38,757 | INFO     | 配置已从 C:\Users\17676\Desktop\RocoKingdom-World\RocoKingdom-Clicker-Release\data\clicker_configs\default.json 加载
2026-05-16 12:15:38,760 | INFO     | ==================================================
2026-05-16 12:15:38,861 | INFO     | 连点器启动（Interception 版）
2026-05-16 12:15:38,861 | INFO     | ==================================================
2026-05-16 12:15:46,179 | INFO     | 开始监听热键... 请使用热键控制连点器
2026-05-16 12:15:46,180 | INFO     | 连点器已准备就绪，监听热键中...
2026-05-16 12:15:46,180 | INFO     | 开始监听热键...
2026-05-16 12:15:48,790 | INFO     | 连点器将在 3 秒后启动，请切换到游戏窗口...
2026-05-16 12:15:51,825 | INFO     | 点击循环已启动
2026-05-16 12:15:51,825 | INFO     | 连点器已启动
2026-05-16 12:15:51,834 | INFO     | 连点器已启动
2026-05-16 12:16:01,201 | INFO     | 连点器已停止 | 总点击数: 7
2026-05-16 12:16:01,202 | INFO     | 连点器已停止
2026-05-16 12:16:01,543 | INFO     | 点击循环已结束
2026-07-18 20:33:50,807 | INFO     | 成功加载 Interception 库 (x64): C:\Users\17676\Desktop\开发中\clicker-anchor\third\Interception\library\x64\interception.dll
2026-07-18 20:33:50,808 | INFO     | Interception 上下文已创建，设备 ID: 11
2026-07-18 20:33:50,808 | INFO     | InterceptionCore 初始化完成
2026-07-18 20:33:50,808 | INFO     | Interception 上下文已销毁
2026-07-18 20:33:50,841 | INFO     | 成功加载 Interception 库 (x64): C:\Users\17676\Desktop\开发中\clicker-anchor\third\Interception\library\x64\interception.dll
2026-07-18 20:33:50,841 | INFO     | Interception 上下文已创建，设备 ID: 11
2026-07-18 20:33:50,841 | INFO     | InterceptionCore 初始化完成
2026-07-18 20:33:50,841 | INFO     | 加载 Interception: interception.dll
2026-07-18 20:33:50,841 | INFO     | ActionExecutor Interception 已初始化
2026-07-18 20:33:50,842 | INFO     | 热键配置已从 C:\Users\17676\Desktop\开发中\clicker-anchor\data\clicker_configs\hotkeys.json 加载
2026-07-18 20:33:50,842 | INFO     | 录制热键已设置: start=F7(0x41) stop=F8(0x42) cancel=F10(0x44)
2026-07-18 20:33:50,842 | INFO     | 已应用热键配置到 InputRecorder: {'pause_resume': 'F2', 'start_recording': 'F7', 'stop_recording': 'F8', 'cancel_recording': 'F10'}
2026-07-18 20:33:50,842 | INFO     | InputRecorder 初始化完成
2026-07-18 20:33:50,842 | INFO     | PlaybackEngine 初始化完成
2026-07-18 20:33:50,842 | INFO     | 录制热键已设置: start=F7(0x41) stop=F8(0x42) cancel=F10(0x44)
2026-07-18 20:33:50,842 | INFO     | 已应用热键配置到 InputRecorder: {'pause_resume': 'F2', 'start_recording': 'F7', 'stop_recording': 'F8', 'cancel_recording': 'F10'}
2026-07-18 20:33:50,844 | INFO     | 全局热键监听已启动
2026-07-18 20:33:50,844 | INFO     | 连点器管理器已初始化
2026-07-18 20:34:11,471 | INFO     | start_recording 被调用: name=recording
2026-07-18 20:34:11,471 | INFO     | 调用 recorder.start() …
2026-07-18 20:34:11,471 | INFO     | 录制开始（初始鼠标坐标: 489, 1106）
2026-07-18 20:34:11,472 | INFO     | 录制捕获线程启动
2026-07-18 20:34:11,472 | INFO     | 录制开始：recording
2026-07-18 20:34:11,472 | INFO     | 录制：已创建 Interception 上下文 ctx=3157538577280
2026-07-18 20:34:11,474 | INFO     | 录制循环已启动，等待事件…
2026-07-18 20:34:14,184 | INFO     | 锚点 #1 已标记 at t=2.712
2026-07-18 20:34:15,707 | INFO     | 锚点 #2 已标记 at t=4.236
2026-07-18 20:34:16,604 | INFO     | 锚点 #3 已标记 at t=5.132
2026-07-18 20:34:17,763 | INFO     | 锚点 #4 已标记 at t=6.291
2026-07-18 20:34:18,619 | INFO     | 锚点 #5 已标记 at t=7.148
2026-07-18 20:34:19,460 | INFO     | 录制：检测到停止保存热键 (scan=0x42)
2026-07-18 20:34:19,460 | INFO     | 停止录制热键：停止录制并保存
2026-07-18 20:34:19,460 | INFO     | 停止录制：开始获取事件…
2026-07-18 20:34:19,461 | INFO     | 停止录制：开始获取事件…
2026-07-18 20:34:19,461 | INFO     | 停止录制：收到 0 条事件
2026-07-18 20:34:19,461 | WARNING  | 录制结束但无事件
2026-07-18 20:34:19,461 | INFO     | 录制结束：共 454 条事件
2026-07-18 20:34:19,462 | INFO     | 停止录制：收到 454 条事件
2026-07-18 20:34:19,462 | INFO     | 保存录制：调用 save() …
2026-07-18 20:34:19,462 | INFO     | 录制：已销毁 Interception 上下文
2026-07-18 20:34:19,462 | INFO     | 录制捕获线程退出（共处理 460 次循环）
2026-07-18 20:34:19,467 | INFO     | 脚本已保存: C:\Users\17676\Desktop\开发中\clicker-anchor\data\action_scripts\recording_20260718_203419.json（39707 字节，454 条事件）
2026-07-18 20:34:19,467 | INFO     | 录制已保存: C:\Users\17676\Desktop\开发中\clicker-anchor\data\action_scripts\recording_20260718_203419.json（共 454 条事件）
2026-07-18 20:34:22,297 | INFO     | 已解析 5 个锚点
2026-07-18 20:34:22,297 | INFO     | 已加载脚本: recording，共 454 条事件，5 个锚点
2026-07-18 20:34:22,297 | INFO     | 循环配置已更新：次数=1，间隔=0.00s
2026-07-18 20:34:22,298 | INFO     | 回放：已找到键盘设备 1
2026-07-18 20:34:22,298 | INFO     | 回放：已找到鼠标设备 11
2026-07-18 20:34:22,298 | INFO     | 开始回放（共 454 条事件，速度 1.0x，循环次数=1，键盘=1，鼠标=11）
2026-07-18 20:34:22,298 | INFO     | 开始第 1 轮回放
2026-07-18 20:34:22,298 | INFO     | play_recording: ▶ 回放启动: recording（454 条事件，1.0x）
2026-07-18 20:34:22,302 | INFO     | 锚点预处理完成: 5 个锚点, 454 → 454 条事件
2026-07-18 20:34:33,626 | INFO     | 回放已暂停
2026-07-18 20:34:35,422 | INFO     | 回放全部结束（共完成 1 轮，success=True，stopped=True）
2026-07-18 20:35:10,312 | INFO     | 开始关闭 ClickerManager...
2026-07-18 20:35:10,397 | INFO     | ClickerManager 已关闭
2026-07-18 20:35:10,409 | INFO     | Interception 上下文已销毁
2026-07-18 20:35:14,767 | INFO     | 成功加载 Interception 库 (x64): C:\Users\17676\Desktop\开发中\clicker-anchor\third\Interception\library\x64\interception.dll
2026-07-18 20:35:14,767 | INFO     | Interception 上下文已创建，设备 ID: 11
2026-07-18 20:35:14,767 | INFO     | InterceptionCore 初始化完成
2026-07-18 20:35:14,767 | INFO     | Interception 上下文已销毁
2026-07-18 20:35:14,784 | INFO     | 成功加载 Interception 库 (x64): C:\Users\17676\Desktop\开发中\clicker-anchor\third\Interception\library\x64\interception.dll
2026-07-18 20:35:14,784 | INFO     | Interception 上下文已创建，设备 ID: 11
2026-07-18 20:35:14,784 | INFO     | InterceptionCore 初始化完成
2026-07-18 20:35:14,784 | INFO     | 加载 Interception: interception.dll
2026-07-18 20:35:14,784 | INFO     | ActionExecutor Interception 已初始化
2026-07-18 20:35:14,785 | INFO     | 热键配置已从 C:\Users\17676\Desktop\开发中\clicker-anchor\data\clicker_configs\hotkeys.json 加载
2026-07-18 20:35:14,786 | INFO     | 录制热键已设置: start=F7(0x41) stop=F8(0x42) cancel=F10(0x44)
2026-07-18 20:35:14,786 | INFO     | 已应用热键配置到 InputRecorder: {'pause_resume': 'F2', 'start_recording': 'F7', 'stop_recording': 'F8', 'cancel_recording': 'F10'}
2026-07-18 20:35:14,786 | INFO     | InputRecorder 初始化完成
2026-07-18 20:35:14,786 | INFO     | PlaybackEngine 初始化完成
2026-07-18 20:35:14,786 | INFO     | 录制热键已设置: start=F7(0x41) stop=F8(0x42) cancel=F10(0x44)
2026-07-18 20:35:14,786 | INFO     | 已应用热键配置到 InputRecorder: {'pause_resume': 'F2', 'start_recording': 'F7', 'stop_recording': 'F8', 'cancel_recording': 'F10'}
2026-07-18 20:35:14,787 | INFO     | 全局热键监听已启动
2026-07-18 20:35:14,787 | INFO     | 连点器管理器已初始化
2026-07-18 20:35:19,330 | INFO     | start_recording 被调用: name=recording
2026-07-18 20:35:19,330 | INFO     | 调用 recorder.start() …
2026-07-18 20:35:19,330 | INFO     | 录制开始（初始鼠标坐标: 259, 895）
2026-07-18 20:35:19,331 | INFO     | 录制捕获线程启动
2026-07-18 20:35:19,331 | INFO     | 录制开始：recording
2026-07-18 20:35:19,331 | INFO     | 录制：已创建 Interception 上下文 ctx=1907193603696
2026-07-18 20:35:19,331 | INFO     | 录制循环已启动，等待事件…
2026-07-18 20:35:20,662 | INFO     | 锚点 #1 已标记 at t=1.331
2026-07-18 20:35:21,958 | INFO     | 锚点 #2 已标记 at t=2.627
2026-07-18 20:35:23,231 | INFO     | 锚点 #3 已标记 at t=3.901
2026-07-18 20:35:24,087 | INFO     | 锚点 #4 已标记 at t=4.757
2026-07-18 20:35:25,383 | INFO     | 锚点 #5 已标记 at t=6.053
2026-07-18 20:35:26,264 | INFO     | 锚点 #6 已标记 at t=6.934
2026-07-18 20:35:28,526 | INFO     | 录制：检测到停止保存热键 (scan=0x42)
2026-07-18 20:35:28,526 | INFO     | 停止录制热键：停止录制并保存
2026-07-18 20:35:28,526 | INFO     | 停止录制：开始获取事件…
2026-07-18 20:35:28,527 | INFO     | 录制结束：共 455 条事件
2026-07-18 20:35:28,527 | INFO     | 停止录制：收到 455 条事件
2026-07-18 20:35:28,527 | INFO     | 停止录制：开始获取事件…
2026-07-18 20:35:28,527 | INFO     | 保存录制：调用 save() …
2026-07-18 20:35:28,527 | INFO     | 停止录制：收到 0 条事件
2026-07-18 20:35:28,528 | WARNING  | 录制结束但无事件
2026-07-18 20:35:28,533 | INFO     | 脚本已保存: C:\Users\17676\Desktop\开发中\clicker-anchor\data\action_scripts\recording_20260718_203528.json（39800 字节，455 条事件）
2026-07-18 20:35:28,533 | INFO     | 录制已保存: C:\Users\17676\Desktop\开发中\clicker-anchor\data\action_scripts\recording_20260718_203528.json（共 455 条事件）
2026-07-18 20:35:28,659 | INFO     | 录制：已销毁 Interception 上下文
2026-07-18 20:35:28,659 | INFO     | 录制捕获线程退出（共处理 463 次循环）
2026-07-18 20:35:34,054 | INFO     | 已解析 6 个锚点
2026-07-18 20:35:34,054 | INFO     | 已加载脚本: recording，共 455 条事件，6 个锚点
2026-07-18 20:35:34,054 | INFO     | 循环配置已更新：次数=1，间隔=0.00s
2026-07-18 20:35:34,054 | INFO     | 回放：已找到键盘设备 1
2026-07-18 20:35:34,055 | INFO     | play_recording: ▶ 回放启动: recording（455 条事件，1.0x）
2026-07-18 20:35:34,055 | INFO     | 回放：已找到鼠标设备 11
2026-07-18 20:35:34,055 | INFO     | 开始回放（共 455 条事件，速度 1.0x，循环次数=1，键盘=1，鼠标=11）
2026-07-18 20:35:34,055 | INFO     | 开始第 1 轮回放
2026-07-18 20:35:34,057 | INFO     | 锚点预处理完成: 6 个锚点, 455 → 455 条事件
2026-07-18 20:35:48,448 | INFO     | 回放全部结束（共完成 1 轮，success=True，stopped=False）
2026-07-18 20:35:51,211 | INFO     | 开始关闭 ClickerManager...
2026-07-18 20:35:51,224 | INFO     | ClickerManager 已关闭
2026-07-18 20:35:51,229 | INFO     | Interception 上下文已销毁
2026-07-18 20:36:00,578 | INFO     | 成功加载 Interception 库 (x64): C:\Users\17676\Desktop\开发中\clicker-anchor\third\Interception\library\x64\interception.dll
2026-07-18 20:36:00,579 | INFO     | Interception 上下文已创建，设备 ID: 11
2026-07-18 20:36:00,579 | INFO     | InterceptionCore 初始化完成
2026-07-18 20:36:00,579 | INFO     | Interception 上下文已销毁
2026-07-18 20:36:00,596 | INFO     | 成功加载 Interception 库 (x64): C:\Users\17676\Desktop\开发中\clicker-anchor\third\Interception\library\x64\interception.dll
2026-07-18 20:36:00,596 | INFO     | Interception 上下文已创建，设备 ID: 11
2026-07-18 20:36:00,596 | INFO     | InterceptionCore 初始化完成
2026-07-18 20:36:00,596 | INFO     | 加载 Interception: interception.dll
2026-07-18 20:36:00,596 | INFO     | ActionExecutor Interception 已初始化
2026-07-18 20:36:00,597 | INFO     | 热键配置已从 C:\Users\17676\Desktop\开发中\clicker-anchor\data\clicker_configs\hotkeys.json 加载
2026-07-18 20:36:00,598 | INFO     | 录制热键已设置: start=F7(0x41) stop=F8(0x42) cancel=F10(0x44)
2026-07-18 20:36:00,598 | INFO     | 已应用热键配置到 InputRecorder: {'pause_resume': 'F2', 'start_recording': 'F7', 'stop_recording': 'F8', 'cancel_recording': 'F10'}
2026-07-18 20:36:00,598 | INFO     | InputRecorder 初始化完成
2026-07-18 20:36:00,598 | INFO     | PlaybackEngine 初始化完成
2026-07-18 20:36:00,598 | INFO     | 录制热键已设置: start=F7(0x41) stop=F8(0x42) cancel=F10(0x44)
2026-07-18 20:36:00,598 | INFO     | 已应用热键配置到 InputRecorder: {'pause_resume': 'F2', 'start_recording': 'F7', 'stop_recording': 'F8', 'cancel_recording': 'F10'}
2026-07-18 20:36:00,599 | INFO     | 全局热键监听已启动
2026-07-18 20:36:00,599 | INFO     | 连点器管理器已初始化
2026-07-18 20:36:04,965 | INFO     | 已解析 6 个锚点
2026-07-18 20:36:04,965 | INFO     | 已加载脚本: recording，共 455 条事件，6 个锚点
2026-07-18 20:36:04,965 | INFO     | 循环配置已更新：次数=1，间隔=0.00s
2026-07-18 20:36:04,965 | INFO     | 回放：已找到键盘设备 1
2026-07-18 20:36:04,966 | INFO     | 回放：已找到鼠标设备 11
2026-07-18 20:36:04,966 | INFO     | 开始回放（共 455 条事件，速度 1.0x，循环次数=1，键盘=1，鼠标=11）
2026-07-18 20:36:04,966 | INFO     | 开始第 1 轮回放
2026-07-18 20:36:04,966 | INFO     | play_recording: ▶ 回放启动: recording（455 条事件，1.0x）
2026-07-18 20:36:04,967 | INFO     | 锚点预处理完成: 6 个锚点, 455 → 455 条事件
2026-07-18 20:36:19,352 | INFO     | 回放全部结束（共完成 1 轮，success=True，stopped=False）
2026-07-18 20:36:20,692 | INFO     | 已解析 6 个锚点
2026-07-18 20:36:20,692 | INFO     | 已加载脚本: recording，共 455 条事件，6 个锚点
2026-07-18 20:36:20,692 | INFO     | 循环配置已更新：次数=1，间隔=0.00s
2026-07-18 20:36:20,692 | INFO     | 开始回放（共 455 条事件，速度 1.0x，循环次数=1，键盘=1，鼠标=11）
2026-07-18 20:36:20,692 | INFO     | 开始第 1 轮回放
2026-07-18 20:36:20,693 | INFO     | 锚点预处理完成: 6 个锚点, 455 → 455 条事件
2026-07-18 20:36:20,694 | INFO     | play_recording: ▶ 回放启动: recording（455 条事件，1.0x）
2026-07-18 20:36:29,324 | INFO     | 回放全部结束（共完成 1 轮，success=True，stopped=True）
2026-07-18 20:42:12,477 | INFO     | 开始关闭 ClickerManager...
2026-07-18 20:42:12,541 | INFO     | ClickerManager 已关闭
2026-07-18 20:42:12,550 | INFO     | Interception 上下文已销毁
2026-07-18 20:42:17,195 | INFO     | 成功加载 Interception 库 (x64): C:\Users\17676\Desktop\开发中\clicker-anchor\third\Interception\library\x64\interception.dll
2026-07-18 20:42:17,196 | INFO     | Interception 上下文已创建，设备 ID: 11
2026-07-18 20:42:17,196 | INFO     | InterceptionCore 初始化完成
2026-07-18 20:42:17,196 | INFO     | Interception 上下文已销毁
2026-07-18 20:42:17,217 | INFO     | 成功加载 Interception 库 (x64): C:\Users\17676\Desktop\开发中\clicker-anchor\third\Interception\library\x64\interception.dll
2026-07-18 20:42:17,217 | INFO     | Interception 上下文已创建，设备 ID: 11
2026-07-18 20:42:17,217 | INFO     | InterceptionCore 初始化完成
2026-07-18 20:42:17,217 | INFO     | 加载 Interception: interception.dll
2026-07-18 20:42:17,218 | INFO     | ActionExecutor Interception 已初始化
2026-07-18 20:42:17,218 | INFO     | 热键配置已从 C:\Users\17676\Desktop\开发中\clicker-anchor\data\clicker_configs\hotkeys.json 加载
2026-07-18 20:42:17,219 | INFO     | 录制热键已设置: start=F7(0x41) stop=F8(0x42) cancel=F10(0x44)
2026-07-18 20:42:17,219 | INFO     | 已应用热键配置到 InputRecorder: {'pause_resume': 'F2', 'start_recording': 'F7', 'stop_recording': 'F8', 'cancel_recording': 'F10'}
2026-07-18 20:42:17,219 | INFO     | InputRecorder 初始化完成
2026-07-18 20:42:17,219 | INFO     | PlaybackEngine 初始化完成
2026-07-18 20:42:17,219 | INFO     | 录制热键已设置: start=F7(0x41) stop=F8(0x42) cancel=F10(0x44)
2026-07-18 20:42:17,219 | INFO     | 已应用热键配置到 InputRecorder: {'pause_resume': 'F2', 'start_recording': 'F7', 'stop_recording': 'F8', 'cancel_recording': 'F10'}
2026-07-18 20:42:17,220 | INFO     | 全局热键监听已启动
2026-07-18 20:42:17,220 | INFO     | 连点器管理器已初始化
2026-07-18 20:42:23,880 | INFO     | start_recording 被调用: name=recording
2026-07-18 20:42:23,880 | INFO     | 调用 recorder.start() …
2026-07-18 20:42:23,880 | INFO     | 录制开始（初始鼠标坐标: 294, 901）
2026-07-18 20:42:23,881 | INFO     | 录制捕获线程启动
2026-07-18 20:42:23,881 | INFO     | 录制开始：recording
2026-07-18 20:42:23,881 | INFO     | 录制：已创建 Interception 上下文 ctx=2666813574400
2026-07-18 20:42:23,881 | INFO     | 录制循环已启动，等待事件…
2026-07-18 20:42:25,728 | INFO     | 锚点 #2 已标记 at t=1.848
2026-07-18 20:42:27,025 | INFO     | 锚点 #3 已标记 at t=3.146
2026-07-18 20:42:27,821 | INFO     | 锚点 #4 已标记 at t=3.942
2026-07-18 20:42:28,607 | INFO     | 锚点 #5 已标记 at t=4.726
2026-07-18 20:42:29,746 | INFO     | 锚点 #6 已标记 at t=5.866
2026-07-18 20:42:30,729 | INFO     | 锚点 #7 已标记 at t=6.849
2026-07-18 20:42:33,191 | INFO     | 停止录制：开始获取事件…
2026-07-18 20:42:33,191 | INFO     | 录制结束：共 413 条事件
2026-07-18 20:42:33,192 | INFO     | 停止录制：收到 413 条事件
2026-07-18 20:42:33,192 | INFO     | 保存录制：调用 save() …
2026-07-18 20:42:33,196 | INFO     | 脚本已保存: C:\Users\17676\Desktop\开发中\clicker-anchor\data\action_scripts\recording_20260718_204233.json（36091 字节，413 条事件）
2026-07-18 20:42:33,196 | INFO     | 录制已保存: C:\Users\17676\Desktop\开发中\clicker-anchor\data\action_scripts\recording_20260718_204233.json（共 413 条事件）
2026-07-18 20:42:33,206 | INFO     | 录制：已销毁 Interception 上下文
2026-07-18 20:42:33,206 | INFO     | 录制捕获线程退出（共处理 419 次循环）
2026-07-18 20:42:37,241 | INFO     | 已解析 7 个锚点
2026-07-18 20:42:37,241 | INFO     | 已加载脚本: recording，共 413 条事件，7 个锚点
2026-07-18 20:42:37,241 | INFO     | 循环配置已更新：次数=1，间隔=0.00s
2026-07-18 20:42:37,241 | INFO     | 回放：已找到键盘设备 1
2026-07-18 20:42:37,241 | INFO     | play_recording: ▶ 回放启动: recording（413 条事件，1.0x）
2026-07-18 20:42:37,241 | INFO     | 回放：已找到鼠标设备 11
2026-07-18 20:42:37,241 | INFO     | 开始回放（共 413 条事件，速度 1.0x，循环次数=1，键盘=1，鼠标=11）
2026-07-18 20:42:37,242 | INFO     | 开始第 1 轮回放
2026-07-18 20:42:37,245 | INFO     | 锚点预处理完成: 7 个锚点, 413 → 413 条事件
2026-07-18 20:42:53,216 | INFO     | 回放全部结束（共完成 1 轮，success=True，stopped=False）
2026-07-18 20:42:55,046 | INFO     | 已解析 7 个锚点
2026-07-18 20:42:55,047 | INFO     | 已加载脚本: recording，共 413 条事件，7 个锚点
2026-07-18 20:42:55,047 | INFO     | 循环配置已更新：次数=1，间隔=0.00s
2026-07-18 20:42:55,047 | INFO     | 开始回放（共 413 条事件，速度 1.0x，循环次数=1，键盘=1，鼠标=11）
2026-07-18 20:42:55,047 | INFO     | play_recording: ▶ 回放启动: recording（413 条事件，1.0x）
2026-07-18 20:42:55,047 | INFO     | 开始第 1 轮回放
2026-07-18 20:42:55,049 | INFO     | 锚点预处理完成: 7 个锚点, 413 → 413 条事件
2026-07-18 20:43:11,009 | INFO     | 回放全部结束（共完成 1 轮，success=True，stopped=False）
2026-07-18 20:44:04,512 | INFO     | 开始关闭 ClickerManager...
2026-07-18 20:44:04,585 | INFO     | ClickerManager 已关闭
2026-07-18 20:44:04,595 | INFO     | Interception 上下文已销毁
2026-07-18 20:51:15,613 | INFO     | 成功加载 Interception 库 (x64): C:\Users\17676\Desktop\开发中\clicker-anchor\third\Interception\library\x64\interception.dll
2026-07-18 20:51:15,613 | INFO     | Interception 上下文已创建，设备 ID: 11
2026-07-18 20:51:15,613 | INFO     | InterceptionCore 初始化完成
2026-07-18 20:51:15,614 | INFO     | Interception 上下文已销毁
2026-07-18 20:51:15,638 | INFO     | 成功加载 Interception 库 (x64): C:\Users\17676\Desktop\开发中\clicker-anchor\third\Interception\library\x64\interception.dll
2026-07-18 20:51:15,638 | INFO     | Interception 上下文已创建，设备 ID: 11
2026-07-18 20:51:15,638 | INFO     | InterceptionCore 初始化完成
2026-07-18 20:51:15,638 | INFO     | 加载 Interception: interception.dll
2026-07-18 20:51:15,638 | INFO     | ActionExecutor Interception 已初始化
2026-07-18 20:51:15,639 | INFO     | 热键配置已从 C:\Users\17676\Desktop\开发中\clicker-anchor\data\clicker_configs\hotkeys.json 加载
2026-07-18 20:51:15,640 | INFO     | 录制热键已设置: start=F7(0x41) stop=F8(0x42) cancel=F10(0x44)
2026-07-18 20:51:15,640 | INFO     | 已应用热键配置到 InputRecorder: {'pause_resume': 'F2', 'start_recording': 'F7', 'stop_recording': 'F8', 'cancel_recording': 'F10'}
2026-07-18 20:51:15,640 | INFO     | InputRecorder 初始化完成
2026-07-18 20:51:15,640 | INFO     | PlaybackEngine 初始化完成
2026-07-18 20:51:15,640 | INFO     | 录制热键已设置: start=F7(0x41) stop=F8(0x42) cancel=F10(0x44)
2026-07-18 20:51:15,640 | INFO     | 已应用热键配置到 InputRecorder: {'pause_resume': 'F2', 'start_recording': 'F7', 'stop_recording': 'F8', 'cancel_recording': 'F10'}
2026-07-18 20:51:15,641 | INFO     | 全局热键监听已启动
2026-07-18 20:51:15,641 | INFO     | 连点器管理器已初始化
2026-07-18 20:51:21,253 | INFO     | 已解析 7 个锚点
2026-07-18 20:51:21,253 | INFO     | 已加载脚本: recording，共 413 条事件，7 个锚点
2026-07-18 20:51:21,253 | INFO     | 循环配置已更新：次数=1，间隔=0.00s
2026-07-18 20:51:21,253 | INFO     | 回放：已找到键盘设备 1
2026-07-18 20:51:21,253 | INFO     | 回放：已找到鼠标设备 11
2026-07-18 20:51:21,253 | INFO     | 开始回放（共 413 条事件，速度 1.0x，循环次数=1，键盘=1，鼠标=11）
2026-07-18 20:51:21,253 | INFO     | play_recording: ▶ 回放启动: recording（413 条事件，1.0x）
2026-07-18 20:51:21,253 | INFO     | 开始第 1 轮回放
2026-07-18 20:51:21,255 | INFO     | 锚点预处理完成: 7 个锚点, 413 → 413 条事件
2026-07-18 20:51:37,067 | INFO     | start_recording 被调用: name=recording
2026-07-18 20:51:37,067 | INFO     | 停止回放以开始录制
2026-07-18 20:51:37,067 | INFO     | 调用 recorder.start() …
2026-07-18 20:51:37,067 | INFO     | 录制开始（初始鼠标坐标: 509, 990）
2026-07-18 20:51:37,068 | INFO     | 录制捕获线程启动
2026-07-18 20:51:37,068 | INFO     | 录制开始：recording
2026-07-18 20:51:37,068 | INFO     | 录制：已创建 Interception 上下文 ctx=1314878160688
2026-07-18 20:51:37,069 | INFO     | 录制循环已启动，等待事件…
2026-07-18 20:51:37,079 | INFO     | 回放全部结束（共完成 1 轮，success=True，stopped=True）
2026-07-18 20:51:41,487 | INFO     | 取消录制：调用 recorder.stop() …
2026-07-18 20:51:41,487 | INFO     | 录制结束：共 330 条事件
2026-07-18 20:51:41,487 | INFO     | 录制已取消
2026-07-18 20:51:41,492 | INFO     | 录制：已销毁 Interception 上下文
2026-07-18 20:51:41,493 | INFO     | 录制捕获线程退出（共处理 330 次循环）
2026-07-18 20:51:42,382 | INFO     | start_recording 被调用: name=recording
2026-07-18 20:51:42,383 | INFO     | 调用 recorder.start() …
2026-07-18 20:51:42,383 | INFO     | 录制开始（初始鼠标坐标: 510, 1002）
2026-07-18 20:51:42,384 | INFO     | 录制捕获线程启动
2026-07-18 20:51:42,384 | INFO     | 录制开始：recording
2026-07-18 20:51:42,384 | INFO     | 录制：已创建 Interception 上下文 ctx=1314878135920
2026-07-18 20:51:42,385 | INFO     | 录制循环已启动，等待事件…
2026-07-18 20:51:44,222 | INFO     | 锚点 #2 已标记 at t=1.838
2026-07-18 20:51:45,457 | INFO     | 锚点 #3 已标记 at t=3.073
2026-07-18 20:51:46,384 | INFO     | 锚点 #4 已标记 at t=4.001
2026-07-18 20:51:47,440 | INFO     | 锚点 #5 已标记 at t=5.057
2026-07-18 20:51:48,459 | INFO     | 锚点 #6 已标记 at t=6.076
2026-07-18 20:51:49,207 | INFO     | 锚点 #7 已标记 at t=6.824
2026-07-18 20:51:50,535 | INFO     | 锚点 #8 已标记 at t=8.152
2026-07-18 20:51:51,482 | INFO     | 锚点 #9 已标记 at t=9.099
2026-07-18 20:51:52,532 | INFO     | 锚点 #10 已标记 at t=10.149
2026-07-18 20:51:53,710 | INFO     | 锚点 #11 已标记 at t=11.326
2026-07-18 20:51:54,623 | INFO     | 锚点 #12 已标记 at t=12.240
2026-07-18 20:51:56,222 | INFO     | 停止录制：开始获取事件…
2026-07-18 20:51:56,223 | INFO     | 录制结束：共 848 条事件
2026-07-18 20:51:56,223 | INFO     | 停止录制：收到 848 条事件
2026-07-18 20:51:56,223 | INFO     | 保存录制：调用 save() …
2026-07-18 20:51:56,230 | INFO     | 脚本已保存: C:\Users\17676\Desktop\开发中\clicker-anchor\data\action_scripts\recording_20260718_205156.json（74095 字节，848 条事件）
2026-07-18 20:51:56,230 | INFO     | 录制已保存: C:\Users\17676\Desktop\开发中\clicker-anchor\data\action_scripts\recording_20260718_205156.json（共 848 条事件）
2026-07-18 20:51:56,237 | INFO     | 录制：已销毁 Interception 上下文
2026-07-18 20:51:56,237 | INFO     | 录制捕获线程退出（共处理 859 次循环）
2026-07-18 20:51:58,737 | INFO     | 已解析 12 个锚点
2026-07-18 20:51:58,737 | INFO     | 已加载脚本: recording，共 848 条事件，12 个锚点
2026-07-18 20:51:58,737 | INFO     | 循环配置已更新：次数=1，间隔=0.00s
2026-07-18 20:51:58,737 | INFO     | 开始回放（共 848 条事件，速度 1.0x，循环次数=1，键盘=1，鼠标=11）
2026-07-18 20:51:58,738 | INFO     | play_recording: ▶ 回放启动: recording（848 条事件，1.0x）
2026-07-18 20:51:58,738 | INFO     | 开始第 1 轮回放
2026-07-18 20:51:58,741 | INFO     | 锚点预处理完成: 12 个锚点, 848 → 848 条事件
2026-07-18 20:52:23,081 | INFO     | 回放全部结束（共完成 1 轮，success=True，stopped=False）
2026-07-18 20:52:27,024 | INFO     | start_recording 被调用: name=recording
2026-07-18 20:52:27,025 | INFO     | 调用 recorder.start() …
2026-07-18 20:52:27,025 | INFO     | 录制开始（初始鼠标坐标: 520, 1003）
2026-07-18 20:52:27,025 | INFO     | 录制捕获线程启动
2026-07-18 20:52:27,025 | INFO     | 录制开始：recording
2026-07-18 20:52:27,026 | INFO     | 录制：已创建 Interception 上下文 ctx=1314878135872
2026-07-18 20:52:27,026 | INFO     | 录制循环已启动，等待事件…
2026-07-18 20:52:30,562 | INFO     | 锚点 #2 已标记 at t=3.537
2026-07-18 20:52:32,719 | INFO     | 锚点 #3 已标记 at t=5.694
2026-07-18 20:52:34,853 | INFO     | 锚点 #4 已标记 at t=7.828
2026-07-18 20:52:36,531 | INFO     | 锚点 #5 已标记 at t=9.506
2026-07-18 20:52:37,783 | INFO     | 锚点 #6 已标记 at t=10.759
2026-07-18 20:52:39,985 | INFO     | 锚点 #7 已标记 at t=12.960
2026-07-18 20:52:41,705 | INFO     | 锚点 #8 已标记 at t=14.680
2026-07-18 20:52:43,263 | INFO     | 锚点 #9 已标记 at t=16.238
2026-07-18 20:52:44,706 | INFO     | 锚点 #10 已标记 at t=17.682
2026-07-18 20:52:46,156 | INFO     | 锚点 #11 已标记 at t=19.132
2026-07-18 20:52:47,679 | INFO     | 停止录制：开始获取事件…
2026-07-18 20:52:47,680 | INFO     | 录制结束：共 1005 条事件
2026-07-18 20:52:47,680 | INFO     | 停止录制：收到 1005 条事件
2026-07-18 20:52:47,680 | INFO     | 保存录制：调用 save() …
2026-07-18 20:52:47,688 | INFO     | 脚本已保存: C:\Users\17676\Desktop\开发中\clicker-anchor\data\action_scripts\recording_20260718_205247.json（87909 字节，1005 条事件）
2026-07-18 20:52:47,688 | INFO     | 录制已保存: C:\Users\17676\Desktop\开发中\clicker-anchor\data\action_scripts\recording_20260718_205247.json（共 1005 条事件）
2026-07-18 20:52:47,693 | INFO     | 录制：已销毁 Interception 上下文
2026-07-18 20:52:47,693 | INFO     | 录制捕获线程退出（共处理 1015 次循环）
2026-07-18 20:52:50,666 | INFO     | 已解析 11 个锚点
2026-07-18 20:52:50,666 | INFO     | 已加载脚本: recording，共 1005 条事件，11 个锚点
2026-07-18 20:52:50,666 | INFO     | 循环配置已更新：次数=1，间隔=0.00s
2026-07-18 20:52:50,666 | INFO     | 开始回放（共 1005 条事件，速度 1.0x，循环次数=1，键盘=1，鼠标=11）
2026-07-18 20:52:50,666 | INFO     | play_recording: ▶ 回放启动: recording（1005 条事件，1.0x）
2026-07-18 20:52:50,666 | INFO     | 开始第 1 轮回放
2026-07-18 20:52:50,670 | INFO     | 锚点预处理完成: 11 个锚点, 1005 → 1005 条事件
2026-07-18 20:53:18,349 | INFO     | 回放全部结束（共完成 1 轮，success=True，stopped=True）
2026-07-18 20:56:55,961 | INFO     | 开始关闭 ClickerManager...
2026-07-18 20:56:56,006 | INFO     | ClickerManager 已关闭
2026-07-18 20:56:56,018 | INFO     | Interception 上下文已销毁
2026-07-18 20:56:59,940 | INFO     | 成功加载 Interception 库 (x64): C:\Users\17676\Desktop\开发中\clicker-anchor\third\Interception\library\x64\interception.dll
2026-07-18 20:56:59,940 | INFO     | Interception 上下文已创建，设备 ID: 11
2026-07-18 20:56:59,941 | INFO     | InterceptionCore 初始化完成
2026-07-18 20:56:59,941 | INFO     | Interception 上下文已销毁
2026-07-18 20:56:59,957 | INFO     | 成功加载 Interception 库 (x64): C:\Users\17676\Desktop\开发中\clicker-anchor\third\Interception\library\x64\interception.dll
2026-07-18 20:56:59,957 | INFO     | Interception 上下文已创建，设备 ID: 11
2026-07-18 20:56:59,957 | INFO     | InterceptionCore 初始化完成
2026-07-18 20:56:59,957 | INFO     | 加载 Interception: interception.dll
2026-07-18 20:56:59,957 | INFO     | ActionExecutor Interception 已初始化
2026-07-18 20:56:59,958 | INFO     | 热键配置已从 C:\Users\17676\Desktop\开发中\clicker-anchor\data\clicker_configs\hotkeys.json 加载
2026-07-18 20:56:59,958 | INFO     | 录制热键已设置: start=F7(0x41) stop=F8(0x42) cancel=F10(0x44)
2026-07-18 20:56:59,959 | INFO     | 已应用热键配置到 InputRecorder: {'pause_resume': 'F2', 'start_recording': 'F7', 'stop_recording': 'F8', 'cancel_recording': 'F10'}
2026-07-18 20:56:59,959 | INFO     | InputRecorder 初始化完成
2026-07-18 20:56:59,959 | INFO     | PlaybackEngine 初始化完成
2026-07-18 20:56:59,959 | INFO     | 录制热键已设置: start=F7(0x41) stop=F8(0x42) cancel=F10(0x44)
2026-07-18 20:56:59,959 | INFO     | 已应用热键配置到 InputRecorder: {'pause_resume': 'F2', 'start_recording': 'F7', 'stop_recording': 'F8', 'cancel_recording': 'F10'}
2026-07-18 20:56:59,960 | INFO     | 全局热键监听已启动
2026-07-18 20:56:59,960 | INFO     | 连点器管理器已初始化
2026-07-18 20:57:06,076 | INFO     | 已解析 11 个锚点
2026-07-18 20:57:06,076 | INFO     | 已加载脚本: recording，共 1005 条事件，11 个锚点
2026-07-18 20:57:06,076 | INFO     | 循环配置已更新：次数=1，间隔=0.00s
2026-07-18 20:57:06,076 | INFO     | 回放：已找到键盘设备 1
2026-07-18 20:57:06,076 | INFO     | 回放：已找到鼠标设备 11
2026-07-18 20:57:06,077 | INFO     | 开始回放（共 1005 条事件，速度 1.0x，循环次数=1，键盘=1，鼠标=11）
2026-07-18 20:57:06,077 | INFO     | 开始第 1 轮回放
2026-07-18 20:57:06,077 | INFO     | play_recording: ▶ 回放启动: recording（1005 条事件，1.0x）
2026-07-18 20:57:06,081 | INFO     | 锚点预处理完成: 11 个锚点, 1005 → 1005 条事件
2026-07-18 20:57:11,283 | INFO     | 回放全部结束（共完成 1 轮，success=True，stopped=True）
2026-07-18 20:57:13,706 | INFO     | start_recording 被调用: name=recording
2026-07-18 20:57:13,707 | INFO     | 调用 recorder.start() …
2026-07-18 20:57:13,707 | INFO     | 录制开始（初始鼠标坐标: 629, 1104）
2026-07-18 20:57:13,707 | INFO     | 录制捕获线程启动
2026-07-18 20:57:13,707 | INFO     | 录制开始：recording
2026-07-18 20:57:13,708 | INFO     | 录制：已创建 Interception 上下文 ctx=2239583617152
2026-07-18 20:57:13,708 | INFO     | 录制循环已启动，等待事件…
2026-07-18 20:57:16,029 | INFO     | 锚点 #2 已标记 at t=2.323
2026-07-18 20:57:18,781 | INFO     | 锚点 #3 已标记 at t=5.075
2026-07-18 20:57:20,596 | INFO     | 锚点 #4 已标记 at t=6.890
2026-07-18 20:57:22,223 | INFO     | 锚点 #5 已标记 at t=8.517
2026-07-18 20:57:23,111 | INFO     | 锚点 #6 已标记 at t=9.405
2026-07-18 20:57:24,453 | INFO     | 锚点 #7 已标记 at t=10.746
2026-07-18 20:57:24,569 | INFO     | 锚点 #8 已标记 at t=10.862
2026-07-18 20:57:26,133 | INFO     | 锚点 #9 已标记 at t=12.426
2026-07-18 20:57:29,094 | INFO     | 锚点 #10 已标记 at t=15.388
2026-07-18 20:57:31,355 | INFO     | 锚点 #11 已标记 at t=17.648
2026-07-18 20:57:32,926 | INFO     | 锚点 #12 已标记 at t=19.219
2026-07-18 20:57:34,683 | INFO     | 锚点 #13 已标记 at t=20.977
2026-07-18 20:57:35,950 | INFO     | 锚点 #14 已标记 at t=22.244
2026-07-18 20:57:36,890 | INFO     | 停止录制：开始获取事件…
2026-07-18 20:57:36,892 | INFO     | 录制结束：共 1266 条事件
2026-07-18 20:57:36,892 | INFO     | 停止录制：收到 1266 条事件
2026-07-18 20:57:36,892 | INFO     | 保存录制：调用 save() …
2026-07-18 20:57:36,898 | INFO     | 录制：已销毁 Interception 上下文
2026-07-18 20:57:36,899 | INFO     | 录制捕获线程退出（共处理 1279 次循环）
2026-07-18 20:57:36,903 | INFO     | 脚本已保存: C:\Users\17676\Desktop\开发中\clicker-anchor\data\action_scripts\recording_20260718_205736.json（110537 字节，1266 条事件）
2026-07-18 20:57:36,903 | INFO     | 录制已保存: C:\Users\17676\Desktop\开发中\clicker-anchor\data\action_scripts\recording_20260718_205736.json（共 1266 条事件）
2026-07-18 20:57:39,174 | INFO     | 已解析 14 个锚点
2026-07-18 20:57:39,174 | INFO     | 已加载脚本: recording，共 1266 条事件，14 个锚点
2026-07-18 20:57:39,174 | INFO     | 循环配置已更新：次数=1，间隔=0.00s
2026-07-18 20:57:39,175 | INFO     | 开始回放（共 1266 条事件，速度 1.0x，循环次数=1，键盘=1，鼠标=11）
2026-07-18 20:57:39,175 | INFO     | 开始第 1 轮回放
2026-07-18 20:57:39,179 | INFO     | 锚点预处理完成: 14 个锚点, 1266 → 1266 条事件
2026-07-18 20:57:39,179 | INFO     | play_recording: ▶ 回放启动: recording（1266 条事件，1.0x）
2026-07-18 20:58:19,889 | INFO     | 回放全部结束（共完成 1 轮，success=True，stopped=False）
2026-07-18 21:00:55,316 | INFO     | 开始关闭 ClickerManager...
2026-07-18 21:00:55,409 | INFO     | ClickerManager 已关闭
2026-07-18 21:00:55,418 | INFO     | Interception 上下文已销毁
2026-07-19 21:04:10,917 | INFO     | 成功加载 Interception 库 (x64): C:\Users\17676\Desktop\开发中\clicker-anchor\third\Interception\library\x64\interception.dll
2026-07-19 21:04:10,918 | INFO     | Interception 上下文已创建，设备 ID: 11
2026-07-19 21:04:10,918 | INFO     | InterceptionCore 初始化完成
2026-07-19 21:04:10,918 | INFO     | Interception 上下文已销毁
2026-07-19 21:04:10,941 | INFO     | 成功加载 Interception 库 (x64): C:\Users\17676\Desktop\开发中\clicker-anchor\third\Interception\library\x64\interception.dll
2026-07-19 21:04:10,941 | INFO     | Interception 上下文已创建，设备 ID: 11
2026-07-19 21:04:10,941 | INFO     | InterceptionCore 初始化完成
2026-07-19 21:04:10,941 | INFO     | 加载 Interception: interception.dll
2026-07-19 21:04:10,943 | INFO     | ActionExecutor Interception 已初始化
2026-07-19 21:04:10,944 | INFO     | 热键配置已从 C:\Users\17676\Desktop\开发中\clicker-anchor\data\clicker_configs\hotkeys.json 加载
2026-07-19 21:04:10,944 | INFO     | 录制热键已设置: start=F7(0x41) stop=F8(0x42) cancel=F10(0x44)
2026-07-19 21:04:10,944 | INFO     | 已应用热键配置到 InputRecorder: {'pause_resume': 'F2', 'start_recording': 'F7', 'stop_recording': 'F8', 'cancel_recording': 'F10'}
2026-07-19 21:04:10,944 | INFO     | InputRecorder 初始化完成
2026-07-19 21:04:10,944 | INFO     | PlaybackEngine 初始化完成
2026-07-19 21:04:10,945 | INFO     | 录制热键已设置: start=F7(0x41) stop=F8(0x42) cancel=F10(0x44)
2026-07-19 21:04:10,945 | INFO     | 已应用热键配置到 InputRecorder: {'pause_resume': 'F2', 'start_recording': 'F7', 'stop_recording': 'F8', 'cancel_recording': 'F10'}
2026-07-19 21:04:10,945 | INFO     | 全局热键监听已启动
2026-07-19 21:04:10,946 | INFO     | 连点器管理器已初始化
2026-07-19 21:09:02,188 | INFO     | 已加载脚本: click (1 个动作)
2026-07-19 21:09:02,188 | INFO     | 脚本将在 3 秒后启动: click
2026-07-19 21:09:40,255 | INFO     | 脚本已暂停: click
2026-07-19 21:13:57,721 | INFO     | 脚本将在 3 秒后继续: click
2026-07-19 21:48:52,066 | INFO     | 脚本已暂停: click
2026-07-19 22:03:21,266 | INFO     | 开始关闭 ClickerManager...
2026-07-19 22:03:21,319 | INFO     | ClickerManager 已关闭
2026-07-19 22:03:21,335 | INFO     | Interception 上下文已销毁
2026-07-20 21:59:51,614 | INFO     | 成功加载 Interception 库 (x64): C:\Users\17676\Desktop\开发中\clicker-anchor\third\Interception\library\x64\interception.dll
2026-07-20 21:59:51,615 | INFO     | Interception 上下文已创建，设备 ID: 11
2026-07-20 21:59:51,615 | INFO     | InterceptionCore 初始化完成
2026-07-20 21:59:51,615 | INFO     | Interception 上下文已销毁
2026-07-20 21:59:51,632 | INFO     | 成功加载 Interception 库 (x64): C:\Users\17676\Desktop\开发中\clicker-anchor\third\Interception\library\x64\interception.dll
2026-07-20 21:59:51,632 | INFO     | Interception 上下文已创建，设备 ID: 11
2026-07-20 21:59:51,632 | INFO     | InterceptionCore 初始化完成
2026-07-20 21:59:51,632 | INFO     | 加载 Interception: interception.dll
2026-07-20 21:59:51,632 | INFO     | ActionExecutor Interception 已初始化
2026-07-20 21:59:51,633 | INFO     | 热键配置已从 C:\Users\17676\Desktop\开发中\clicker-anchor\data\clicker_configs\hotkeys.json 加载
2026-07-20 21:59:51,634 | INFO     | 录制热键已设置: start=F7(0x41) stop=F8(0x42) cancel=F10(0x44)
2026-07-20 21:59:51,634 | INFO     | 已应用热键配置到 InputRecorder: {'pause_resume': 'F2', 'start_recording': 'F7', 'stop_recording': 'F8', 'cancel_recording': 'F10'}
2026-07-20 21:59:51,634 | INFO     | InputRecorder 初始化完成
2026-07-20 21:59:51,634 | INFO     | PlaybackEngine 初始化完成
2026-07-20 21:59:51,634 | INFO     | 录制热键已设置: start=F7(0x41) stop=F8(0x42) cancel=F10(0x44)
2026-07-20 21:59:51,634 | INFO     | 已应用热键配置到 InputRecorder: {'pause_resume': 'F2', 'start_recording': 'F7', 'stop_recording': 'F8', 'cancel_recording': 'F10'}
2026-07-20 21:59:51,634 | INFO     | 全局热键监听已启动
2026-07-20 21:59:51,635 | INFO     | 连点器管理器已初始化
2026-07-20 21:59:57,374 | INFO     | start_recording 被调用: name=recording
2026-07-20 21:59:57,374 | INFO     | 调用 recorder.start() …
2026-07-20 21:59:57,375 | INFO     | 录制开始（初始鼠标坐标: 555, 1090）
2026-07-20 21:59:57,375 | INFO     | 录制捕获线程启动
2026-07-20 21:59:57,375 | INFO     | 录制开始：recording
2026-07-20 21:59:57,376 | INFO     | 录制：已创建 Interception 上下文 ctx=2978305934832
2026-07-20 21:59:57,376 | INFO     | 录制循环已启动，等待事件…
2026-07-20 22:00:18,697 | INFO     | 录制：检测到停止保存热键 (scan=0x42)
2026-07-20 22:00:18,697 | INFO     | 停止录制热键：停止录制并保存
2026-07-20 22:00:18,698 | INFO     | 停止录制：开始获取事件…
2026-07-20 22:00:18,698 | INFO     | 录制：已销毁 Interception 上下文
2026-07-20 22:00:18,699 | INFO     | 录制结束：共 1118 条事件
2026-07-20 22:00:18,699 | INFO     | 停止录制：收到 1118 条事件
2026-07-20 22:00:18,699 | INFO     | 录制捕获线程退出（共处理 1118 次循环）
2026-07-20 22:00:18,699 | INFO     | 保存录制：调用 save() …
2026-07-20 22:00:18,708 | INFO     | 脚本已保存: C:\Users\17676\Desktop\开发中\clicker-anchor\data\action_scripts\recording_20260720_220018.json（98097 字节，1118 条事件）
2026-07-20 22:00:18,708 | INFO     | 录制已保存: C:\Users\17676\Desktop\开发中\clicker-anchor\data\action_scripts\recording_20260720_220018.json（共 1118 条事件）
2026-07-20 22:00:22,479 | INFO     | 已解析 1 个锚点
2026-07-20 22:00:22,479 | INFO     | 已加载脚本: recording，共 1118 条事件，1 个锚点
2026-07-20 22:00:22,479 | INFO     | 循环配置已更新：次数=1，间隔=0.00s
2026-07-20 22:00:22,480 | INFO     | 回放：已找到键盘设备 1
2026-07-20 22:00:22,480 | INFO     | 回放：已找到鼠标设备 11
2026-07-20 22:00:22,480 | INFO     | 开始回放（共 1118 条事件，速度 1.0x，循环次数=1，键盘=1，鼠标=11）
2026-07-20 22:00:22,480 | INFO     | 开始第 1 轮回放
2026-07-20 22:00:22,480 | INFO     | play_recording: ▶ 回放启动: recording（1118 条事件，1.0x）
2026-07-20 22:00:22,481 | INFO     | 锚点预处理完成: 1 个锚点, 1118 → 1118 条事件
2026-07-20 22:00:51,763 | INFO     | 回放全部结束（共完成 1 轮，success=True，stopped=False）
